com.alticast.rop.Registry
com.alticast.rop.Context
com.alticast.rop.RegistryListener
com.alticast.rop.StubListener
com.alticast.rop.MapCodec
com.alticast.rop.BoolCodec
com.alticast.rop.F32Codec
com.alticast.rop.F64Codec
com.alticast.rop.I32Codec
com.alticast.rop.I8ArrayCodec
com.alticast.rop.I16ArrayCodec
com.alticast.rop.I32ArrayCodec
com.alticast.rop.I64ArrayCodec
com.alticast.rop.F32ArrayCodec
com.alticast.rop.F64ArrayCodec
com.alticast.rop.VoidCodec
com.alticast.rop.I64Codec
com.alticast.rop.I16Codec
com.alticast.rop.RemoteException
com.alticast.rop.Stub
com.alticast.rop.StubList
com.alticast.rop.Transport
com.alticast.rop.Reusable
com.alticast.rop.StringCodec
com.alticast.rop.ListCodec
com.alticast.rop.HttpTransport
com.alticast.rop.Codec
com.alticast.rop.NullableCodec
com.alticast.rop.Remote
com.alticast.rop.Skeleton
com.alticast.rop.Log
com.alticast.rop.LogConsts
com.alticast.rop.Exportable
com.alticast.rop.Port
com.alticast.rop.Base64
com.alticast.rop.InterfaceCodec
com.alticast.rop.StreamTransport
com.alticast.rop.SocketTransport
com.alticast.rop.SocketServer
com.alticast.rop.New
com.alticast.rop.HttpServer
com.alticast.rop.I8Codec
com.alticast.rop.LocalCall
com.alticast.rop.RemoteCall
com.alticast.rop.VariantCodec

>com.alticast.io.NativeIo
>com.alticast.io.EventDriver
com.alticast.io.Reactor
com.alticast.io.Buffer
com.alticast.io.HttpReactor
com.alticast.io.HttpServerReactor
com.alticast.io.HttpRequestAcceptor
com.alticast.io.HttpRequestHandler
com.alticast.io.AbstractHttpRequestHandler
com.alticast.io.FileReactor
com.alticast.io.BufferedFileReactor
com.alticast.io.Pipe

com.alticast.chat.ChatServer
#com.alticast.test.Echo
#com.alticast.rop.EchoImpl
#com.alticast.test.EchoCallback
#com.alticast.test.EchoCallbackSkel
#com.alticast.test.EchoCallbackStub
#com.alticast.test.EchoSkel
#com.alticast.test.EchoStub
#com.alticast.test.Person
#com.alticast.test.PersonCodec
#com.alticast.test.TestException
#com.alticast.test.TestExceptionCodec

#com.alticast.dev.TestCallback
#com.alticast.dev.TestCallbackStub
#com.alticast.dev.LogCallback
#com.alticast.dev.LogCallbackStub
#com.alticast.dev.RemoteLogger
#com.alticast.dev.RemoteLoggerSkel
#com.alticast.dev.Log
